# Screen: 80x24
# Cursor: (1, 3) block
# Mode: normal
────────────────────────────────────────────────────────────────────────────────
00│────────────────────────────────────────────────────────────────────────────────
01│  	       +tab
02│  /       Search project
03│  1       Tab 1
04│  2       Tab 2
05│  3       Tab 3
06│  4       Tab 4
07│  5       Tab 5
08│  6       Tab 6
09│  7       Tab 7
10│  8       Tab 8
11│  9       Tab 9
12│  :       Execute command
13│  a       +ai
14│  b       +buffer
15│  c       +code
16│  f       +file
17│  g       +git
18│  h       +help
19│  m       +filetype
20│  o       +open
21│  p       +project
22│  q       +quit
23│  s       +search
────────────────────────────────────────────────────────────────────────────────
