# Screen: 80x24
# Cursor: (1, 5) block
# Mode: normal
────────────────────────────────────────────────────────────────────────────────
00│ 1: [no file] ✕ 
01│   1 hello world
02│     ~
03│     ~
04│     ~
05│     ~
06│     ~
07│     ~
08│     ~
09│     ~
10│     ~
11│     ~
12│     ~
13│     ~
14│     ~
15│     ~
16│     ~
17│╭─────────────────────────────────── SPC b ────────────────────────────────────╮
18││B : Switch buffer (all)  b : Switch buffer        m : View messages           │
19││N : New buffer           d : Kill buffer          n : Next buffer             │
20││W : View warnings        l : Set language         p : Previous buffer         │
21│╰──────────────────────────────────────────────────────────────────────────────╯
22│ NORMAL  [no file]                                              Text  1:1  Top
23│
────────────────────────────────────────────────────────────────────────────────
