# Screen: 80x24
# Cursor: (1, 3) block
# Mode: normal
────────────────────────────────────────────────────────────────────────────────
00│ 1: [scratch] 
01│ 1 hello world
02│   ~
03│   ~
04│   ~
05│   ~
06│   ~
07│   ~
08│   ~
09│   ~
10│   ~
11│   ~
12│   ~
13│   ~
14│────────────────────────────────────────────────────────────────────────────────
15│  d       Close window
16│  h       Window left
17│  j       Window down
18│  k       Window up
19│  l       Window right
20│  s       Horizontal split
21│  v       Vertical split
22│ NORMAL  [scratch]                                               Text  1:1  Top
23│
────────────────────────────────────────────────────────────────────────────────
