# Screen: 80x40
# Cursor: (1, 3) block
# Mode: normal
────────────────────────────────────────────────────────────────────────────────
00│ 1: [no file] ✕ 
01│ 1 hello world
02│   ~
03│   ~
04│   ~
05│   ~
06│   ~
07│   ~
08│   ~
09│   ~
10│   ~
11│   ~
12│   ~
13│   ~
14│   ~
15│   ~
16│   ~
17│   ~
18│   ~
19│   ~
20│   ~
21│   ~
22│   ~
23│   ~
24│   ~
25│   ~
26│   ~
27│   ~
28│   ~
29│   ~
30│   ~
31│   ~
32│   ~
33│   ~
34│   ~
35│   ~
36│   ~
37│   ~
38│ NORMAL  [no file]                                              Text  1:1  Top
39│
────────────────────────────────────────────────────────────────────────────────
