# Screen: 80x24
# Cursor: (4, 3) block
# Mode: normal
────────────────────────────────────────────────────────────────────────────────
00│ 1: [no file] ✕ 
01│ 3 line 1
02│ 2 line 2
03│ 1 line 3
04│ 4 line 4
05│ 1 line 5
06│ 2 line 6
07│ 3 line 7
08│ 4 line 8
09│ 5 line 9
10│ 6 line 10
11│ 7 line 11
12│ 8 line 12
13│ 9 line 13
14│10 line 14
15│11 line 15
16│12 line 16
17│13 line 17
18│14 line 18
19│15 line 19
20│16 line 20
21│17 line 21
22│ NORMAL  [no file]                                              Text  4:1  6%%
23│
────────────────────────────────────────────────────────────────────────────────
