# Screen: 80x24
# Cursor: (6, 3) block
# Mode: normal
────────────────────────────────────────────────────────────────────────────────
00│ 1: [no file] ✕ 
01│ 5 line 4
02│ 4 line 5
03│ 3 line 6
04│ 2 line 7
05│ 1 line 8
06│ 9 line 9
07│ 1 line 10
08│ 2 line 11
09│ 3 line 12
10│ 4 line 13
11│ 5 line 14
12│ 6 line 15
13│ 7 line 16
14│ 8 line 17
15│ 9 line 18
16│10 line 19
17│11 line 20
18│12 line 21
19│13 line 22
20│14 line 23
21│15 line 24
22│ NORMAL  [no file]                                             Text  9:1  16%%
23│
────────────────────────────────────────────────────────────────────────────────
