# Screen: 80x24
# Cursor: (10, 3) block
# Mode: normal
────────────────────────────────────────────────────────────────────────────────
00│ 1: [scratch] ✕ 
01│ 9 line 1
02│ 8 line 2
03│ 7 line 3
04│ 6 line 4
05│ 5 line 5
06│ 4 line 6
07│ 3 line 7
08│ 2 line 8
09│ 1 line 9
10│10 line 10
11│ 1 line 11
12│ 2 line 12
13│ 3 line 13
14│ 4 line 14
15│ 5 line 15
16│ 6 line 16
17│ 7 line 17
18│ 8 line 18
19│ 9 line 19
20│10 line 20
21│11 line 21
22│ NORMAL  [scratch]                                             Text  10:1  18%%
23│
────────────────────────────────────────────────────────────────────────────────
