# Screen: 80x24
# Cursor: (1, 6) beam
# Mode: insert
────────────────────────────────────────────────────────────────────────────────
00│[[no file]]
01│    1 hello
02│      ~
03│      ~
04│      ~
05│      ~
06│      ~
07│      ~
08│      ~
09│      ~
10│      ~
11│      ~
12│      ~
13│      ~
14│      ~
15│      ~
16│      ~
17│      ~
18│      ~
19│      ~
20│      ~
21│      ~
22│INSERT [no file] 1:1/1
23│
────────────────────────────────────────────────────────────────────────────────
