# Screen: 80x24
# Cursor: (1, 16) block
# Mode: normal
────────────────────────────────────────────────────────────────────────────────
00│[[no file]]
01│    1 hello world
02│    1 second line
03│      ~
04│      ~
05│      ~
06│      ~
07│      ~
08│      ~
09│      ~
10│      ~
11│      ~
12│      ~
13│      ~
14│      ~
15│      ~
16│      ~
17│      ~
18│      ~
19│      ~
20│      ~
21│      ~
22│NORMAL [no file] 1:11/2
23│
────────────────────────────────────────────────────────────────────────────────
