# Screen: 80x24
# Cursor: (3, 3) block
# Mode: normal
────────────────────────────────────────────────────────────────────────────────
00│ 1: [no file] ✕ 
01│ 2 line one
02│ 1 line two
03│ 3 line three
04│ 1 line four
05│ 2 line five
06│   ~
07│   ~
08│   ~
09│   ~
10│   ~
11│   ~
12│   ~
13│   ~
14│   ~
15│   ~
16│   ~
17│   ~
18│   ~
19│   ~
20│   ~
21│   ~
22│ NORMAL  [no file]                                              Text  3:1  50%%
23│
────────────────────────────────────────────────────────────────────────────────
