# Screen: 80x24
# Cursor: (4, 3) block
# Mode: normal
────────────────────────────────────────────────────────────────────────────────
00│ 1: [no file] ✕ 
01│ 3 alpha
02│ 2 beta
03│ 1 gamma
04│ 4 delta
05│ 1 epsilon
06│   ~
07│   ~
08│   ~
09│   ~
10│   ~
11│   ~
12│   ~
13│   ~
14│   ~
15│   ~
16│   ~
17│   ~
18│   ~
19│   ~
20│   ~
21│   ~
22│ NORMAL  [no file]                                              Text  4:1  75%%
23│
────────────────────────────────────────────────────────────────────────────────
