# Screen: 80x24
# Cursor: (3, 3) block
# Mode: normal
────────────────────────────────────────────────────────────────────────────────
00│ 1: [no file] ✕ 
01│ 1 first
02│ 1 second
03│ 3 third
04│ 3 fourth
05│ 4 fifth
06│   ~
07│   ~
08│   ~
09│   ~
10│   ~
11│   ~
12│   ~
13│   ~
14│   ~
15│   ~
16│   ~
17│   ~
18│   ~
19│   ~
20│   ~
21│   ~
22│ NORMAL  [no file]                                             Text  3:1  50%%
23│
────────────────────────────────────────────────────────────────────────────────
