# Screen: 80x24
# Cursor: (16, 11) block
# Mode: normal
────────────────────────────────────────────────────────────────────────────────
00│ 1: [no file] ✕ 
01│ 15 line 85
02│ 14 line 86
03│ 13 line 87
04│ 12 line 88
05│ 11 line 89
06│ 10 line 90
07│  9 line 91
08│  8 line 92
09│  7 line 93
10│  6 line 94
11│  5 line 95
12│  4 line 96
13│  3 line 97
14│  2 line 98
15│  1 line 99
16│100 line 100
17│    ~
18│    ~
19│    ~
20│    ~
21│    ~
22│ NORMAL  [no file]                                          Text  100:8  100%%
23│
────────────────────────────────────────────────────────────────────────────────
