# Screen: 80x24
# Cursor: (16, 11) block
# Mode: normal
────────────────────────────────────────────────────────────────────────────────
00│ 1: [no file] ✕ 
01│ 15 line 55
02│ 14 line 56
03│ 13 line 57
04│ 12 line 58
05│ 11 line 59
06│ 10 line 60
07│  9 line 61
08│  8 line 62
09│  7 line 63
10│  6 line 64
11│  5 line 65
12│  4 line 66
13│  3 line 67
14│  2 line 68
15│  1 line 69
16│ 70 line 70
17│  1 line 71
18│  2 line 72
19│  3 line 73
20│  4 line 74
21│  5 line 75
22│ NORMAL  [no file]                                             Text  70:8  69%%
23│
────────────────────────────────────────────────────────────────────────────────
