# Screen: 80x24
# Cursor: (16, 4) block
# Mode: normal
────────────────────────────────────────────────────────────────────────────────
00│ 1: [scratch] 
01│ 15 line 25
02│ 14 line 26
03│ 13 line 27
04│ 12 line 28
05│ 11 line 29
06│ 10 line 30
07│  9 line 31
08│  8 line 32
09│  7 line 33
10│  6 line 34
11│  5 line 35
12│  4 line 36
13│  3 line 37
14│  2 line 38
15│  1 line 39
16│ 40 line 40
17│  1 line 41
18│  2 line 42
19│  3 line 43
20│  4 line 44
21│  5 line 45
22│ NORMAL  [scratch]                                             Text  40:1  39%%
23│
────────────────────────────────────────────────────────────────────────────────
