# Screen: 80x24
# Cursor: (16, 4) block
# Mode: normal
────────────────────────────────────────────────────────────────────────────────
00│ 1: [scratch] ✕ 
01│ 15 line 16
02│ 14 line 17
03│ 13 line 18
04│ 12 line 19
05│ 11 line 20
06│ 10 line 21
07│  9 line 22
08│  8 line 23
09│  7 line 24
10│  6 line 25
11│  5 line 26
12│  4 line 27
13│  3 line 28
14│  2 line 29
15│  1 line 30
16│ 31 line 31
17│  1 line 32
18│  2 line 33
19│  3 line 34
20│  4 line 35
21│  5 line 36
22│ NORMAL  [scratch]                                             Text  31:1  30%%
23│
────────────────────────────────────────────────────────────────────────────────
