# Screen: 80x24
# Cursor: (1, 4) block
# Mode: normal
────────────────────────────────────────────────────────────────────────────────
00│ 1: [scratch] ✕ 
01│  1 line 1
02│  1 line 2
03│  2 line 3
04│  3 line 4
05│  4 line 5
06│  5 line 6
07│  6 line 7
08│  7 line 8
09│  8 line 9
10│  9 line 10
11│ 10 line 11
12│ 11 line 12
13│ 12 line 13
14│ 13 line 14
15│ 14 line 15
16│ 15 line 16
17│ 16 line 17
18│ 17 line 18
19│ 18 line 19
20│ 19 line 20
21│ 20 line 21
22│ NORMAL  [scratch]                                               Text  1:1  0%%
23│
────────────────────────────────────────────────────────────────────────────────
