# Screen: 80x10
# Cursor: (4, 5) block
# Mode: normal
────────────────────────────────────────────────────────────────────────────────
00│ 1: [no file] ✕ 
01│   3 line 18
02│   2 line 19
03│   1 line 20
04│  21 line 21
05│   1 line 22
06│   2 line 23
07│   3 line 24
08│ NORMAL  [no file]                                            Text  21:1  40%%
09│
────────────────────────────────────────────────────────────────────────────────
