# Screen: 80x24
# Cursor: (1, 11) block
# Mode: normal
────────────────────────────────────────────────────────────────────────────────
00│ 1: [no file] ✕ 
01│ 1 NEW TEXThello world                 │ 1 NEW TEXThello world
02│   ~                                   │   ~
03│   ~                                   │   ~
04│   ~                                   │   ~
05│   ~                                   │   ~
06│   ~                                   │   ~
07│   ~                                   │   ~
08│   ~                                   │   ~
09│   ~                                   │   ~
10│   ~                                   │   ~
11│   ~                                   │   ~
12│   ~                                   │   ~
13│   ~                                   │   ~
14│   ~                                   │   ~
15│   ~                                   │   ~
16│   ~                                   │   ~
17│   ~                                   │   ~
18│   ~                                   │   ~
19│   ~                                   │   ~
20│   ~                                   │   ~
21│   ~                                   │   ~
22│ NORMAL  [no file] ●    Text  1:9  Top│ NORMAL  [no file] ●    Text  1:1  Top
23│
────────────────────────────────────────────────────────────────────────────────
