# Screen: 80x24
# Cursor: (23, 6) beam
# Mode: normal
────────────────────────────────────────────────────────────────────────────────
00│ 1: [scratch] 
01│ 1 hello world
02│   ~
03│   ~
04│   ~
05│   ~
06│   ~
07│   ~
08│   ~
09│   ~
10│   ~
11│   ~
12│   ~
13│   ~
14│   ~
15│   ~
16│   ~
17│   ~
18│   ~
19│ Commands ──────────────────────────────────────────────────────────────── 3/78
20│ save: Save the current file                                            SPC f s
21│ view_messages: View *Messages* buffer                                  SPC b m
22│ cycle_line_numbers: Cycle line number style (hybrid → absolute → relative → non
23│> save
────────────────────────────────────────────────────────────────────────────────
