# Screen: 80x24
# Cursor: (23, 2) beam
# Mode: normal
────────────────────────────────────────────────────────────────────────────────
00│ 1: [scratch] 
01│ Commands ─────────────────────────────────────────────────────────────── 78/78
02│ agent_abort: Stop AI agent                                             SPC a s
03│ agent_cycle_model: Cycle AI agent model                                SPC a M
04│ agent_cycle_thinking: Cycle AI thinking level                          SPC a T
05│ agent_new_session: New AI agent session                                SPC a n
06│ agent_pick_model: Pick AI agent model                                  SPC a m
07│ agent_summarize: Summarize session to context artifact                 SPC a e
08│ buffer_list: Switch buffer                                             SPC b b
09│ buffer_list_all: Switch buffer (all)                                   SPC b B
10│ buffer_next: Next buffer                                               SPC b n
11│ buffer_prev: Previous buffer                                           SPC b p
12│ command_palette: Execute command                                         SPC :
13│ cycle_agent_tabs: Cycle agent tabs (opens split if none)                SPC 	 a
14│ cycle_line_numbers: Cycle line number style (hybrid → absolute → relative → non
15│ delete_at: Delete character at cursor (delete)
16│ delete_before: Delete character before cursor (backspace)
17│ delete_line: Delete current line
18│ diagnostics_list: List buffer diagnostics                              SPC c d
19│ find_file: Find file in project                                        SPC f f
20│ force_quit: Quit without saving
21│ format_buffer: Format buffer                                           SPC c f
22│ git_blame_line: Blame line                                             SPC g b
23│>
────────────────────────────────────────────────────────────────────────────────
